// Jest Snapshot v1, https://goo.gl/fbAQLP

exports[`renders homepage unchanged 1`] = `
<div>
  <main>
    <ul
      class="messages"
    >
      <li />
    </ul>
    <div
      class="form-container"
    >
      <form>
        <textarea>
          test
        </textarea>
        <button
          type="submit"
        >
          Submit
        </button>
      </form>
    </div>
  </main>
</div>
`;
